-- ===================================================================
-- create extension
-- ===================================================================
CREATE EXTENSION pg_shard;
